Installed 39 packages in 78ms
wrote docs/guides/images/geomean_separation_I1.webp
wrote docs/guides/images/geomean_separation_I2.webp
wrote docs/guides/images/geomean_separation_I3.webp
wrote docs/guides/images/geomean_separation_I4.webp
wrote docs/guides/images/geomean_separation_II.webp
wrote docs/guides/images/uniform_sampling_population.webp
wrote generated/uniform_sampling_l2_separations.md
wrote generated/uniform_sampling_l2_figure.html
wrote generated/uniform_sampling_x_separations.md
wrote generated/uniform_sampling_x_figure.html
wrote generated/uniform_sampling_y_separations.md
wrote generated/uniform_sampling_y_figure.html
wrote generated/uniform_sampling_linf_separations.md
wrote generated/uniform_sampling_linf_figure.html
wrote generated/uniform_sampling_geomean_separations.md
wrote generated/uniform_sampling_geomean_figure.html
wrote generated/uniform_sampling_hybrid_separations.md
wrote generated/uniform_sampling_hybrid_figure.html
wrote generated/uniform_sampling_hybrid_banded_separations.md
wrote generated/uniform_sampling_hybrid_banded_figure.html
wrote generated/uniform_sampling_hybrid_banded_long_solution.pkl
wrote generated/uniform_sampling_hybrid_banded_long_solution.json
wrote docs/guides/images/uniform_sampling_hybrid_banded_long_timeline.webp
wrote generated/uniform_sampling_hybrid_banded_long_separations.md
wrote generated/uniform_sampling_hybrid_banded_long_replay.html
wrote generated/uniform_sampling_summary.md
wrote generated/uniform_sampling_convergence.md
