# output dir comes from mkdocs.yml (site_dir: ./reports/docs)
uv run --exact --no-default-groups --group docs mkdocs build --strict;
Uninstalled 57 packages in 405ms
Installed 32 packages in 462ms

[31m │  ⚠  Warning from the Material for MkDocs team[0m
[31m │[0m
[31m │[0m  MkDocs 2.0, the underlying framework of Material for MkDocs,
[31m │[0m  will introduce backward-incompatible changes, including:
[31m │[0m
[31m │  × [0mAll plugins will stop working – the plugin system has been removed
[31m │  × [0mAll theme overrides will break – the theming system has been rewritten
[31m │  × [0mNo migration path exists – existing projects cannot be upgraded
[31m │  × [0mClosed contribution model – community members can't report bugs
[31m │  × [0mCurrently unlicensed – unsuitable for production use
[31m │[0m
[31m │[0m  Our full analysis:
[31m │[0m
[31m │[0m  [4mhttps://squidfunk.github.io/mkdocs-material/blog/2026/02/18/mkdocs-2.0/[0m
[0m
----------------------------------------------------------------

[31m[1mWARNING[0m: MkDocs may break support for all existing plugins and themes soon!

The owner of MkDocs has completely abandoned maintenance of the project, and instead is planning to publish a "version 2" which will not support any existing themes, plugins or even your configuration files. This v2 may eventually replace what you download with [33m[1m`pip install mkdocs`[0m, suddenly breaking the build of your existing site.

To avoid these risks, switch to [1mProperDocs[0m, a continuation of MkDocs 1.x and a drop-in replacement that supports your current MkDocs setup.
Simply install it with [33m[1m`pip install properdocs`[0m and build your site with [33m[1m`properdocs build`[0m instead of the MkDocs equivalents.

Alternatively, to just skip this warning in the future, you can set the environment variable [33m[1m`DISABLE_MKDOCS_2_WARNING=true`[0m.

For more info visit [1mhttps://github.com/ProperDocs/properdocs/discussions/33[0m and [1mhttps://properdocs.org/[0m

(This warning was initiated by one of the plugins that you depend on.)

----------------------------------------------------------------
INFO    -  Cleaning site directory
INFO    -  Building documentation to directory: /Users/bertpluymers/git/owned/public/max-div/reports/docs
INFO    -  The following pages exist in the docs directory, but are not included in the "nav" configuration:
  - benchmarks/internal/results/benchmark_diversity_metrics.md
  - benchmarks/internal/results/benchmark_modify_p_selectivity.md
  - benchmarks/internal/results/benchmark_randint_1.md
  - benchmarks/internal/results/benchmark_randint_2.md
  - benchmarks/internal/results/benchmark_randint_3.md
  - benchmarks/internal/results/benchmark_randint_4.md
  - benchmarks/internal/results/benchmark_randint_constrained_1.md
  - benchmarks/internal/results/benchmark_randint_constrained_2.md
  - benchmarks/internal/results/benchmark_randint_constrained_3.md
  - benchmarks/internal/results/benchmark_randint_constrained_4.md
  - benchmarks/solver/results/benchmark_initialization_C1.md
  - benchmarks/solver/results/benchmark_initialization_C2.md
  - benchmarks/solver/results/benchmark_initialization_C3.md
  - benchmarks/solver/results/benchmark_initialization_C4.md
  - benchmarks/solver/results/benchmark_initialization_U1.md
  - benchmarks/solver/results/benchmark_initialization_U2.md
  - benchmarks/solver/results/benchmark_initialization_U3.md
  - benchmarks/solver/results/benchmark_initialization_U4.md
  - benchmarks/solver/results/benchmark_optimization_C1.md
  - benchmarks/solver/results/benchmark_optimization_C2.md
  - benchmarks/solver/results/benchmark_optimization_C3.md
  - benchmarks/solver/results/benchmark_optimization_C4.md
  - benchmarks/solver/results/benchmark_optimization_U1.md
  - benchmarks/solver/results/benchmark_optimization_U2.md
  - benchmarks/solver/results/benchmark_optimization_U3.md
  - benchmarks/solver/results/benchmark_optimization_U4.md
  - benchmarks/solver/results/feasibility_verdicts_C1.md
  - benchmarks/solver/results/feasibility_verdicts_C2.md
  - benchmarks/solver/results/feasibility_verdicts_C3.md
  - benchmarks/solver/results/feasibility_verdicts_C4.md
  - benchmarks/solver/results/note_feasibility_methodology.md
  - benchmarks/solver/results/note_measured_feasibility.md
  - benchmarks/solver/results/note_measured_init.md
  - benchmarks/solver/results/note_measured_optim.md
  - benchmarks/solver/results/note_measured_presets_constrained.md
  - benchmarks/solver/results/note_measured_presets_unconstrained.md
  - benchmarks/solver/results/note_preset_methodology_constrained.md
  - benchmarks/solver/results/note_preset_methodology_unconstrained.md
  - benchmarks/solver/results/preset_result_quantiles_C1_1000.md
  - benchmarks/solver/results/preset_result_quantiles_C2_1000.md
  - benchmarks/solver/results/preset_result_quantiles_C3_1500.md
  - benchmarks/solver/results/preset_result_quantiles_C4_1500.md
  - benchmarks/solver/results/preset_result_quantiles_U1_1000.md
  - benchmarks/solver/results/preset_result_quantiles_U2_1000.md
  - benchmarks/solver/results/preset_result_quantiles_U3_1000.md
  - benchmarks/solver/results/preset_result_quantiles_U4_1000.md
  - benchmarks/third_party/head_to_head/tier1_tables.md
  - benchmarks/third_party/head_to_head/tier2_tables.md
  - benchmarks/third_party/head_to_head/tier3_tables.md
  - benchmarks/third_party/solvers/max-div.md
INFO    -  Documentation built in 2.51 seconds
